 S0C    S1C    S0U    S1U      EC       EU        OC         OU       MC     MU    CCSC   CCSU   YGC     YGCT    FGC    FGCT     GCT
195904.0 195904.0  0.0   195904.0 1567680.0 1257588.5 14817728.0 5679803.3  53624.0 52637.7 6036.0 5797.1    719  116.094  132    13.778  129.872
195904.0 195904.0  0.0   195904.0 1567680.0 1257588.5 14817728.0 5679803.3  53624.0 52637.7 6036.0 5797.1    719  116.094  132    13.778  129.872
195904.0 195904.0  0.0   195904.0 1567680.0 1257588.5 14817728.0 5679803.3  53624.0 52637.7 6036.0 5797.1    719  116.094  132    13.778  129.872
195904.0 195904.0  0.0   195904.0 1567680.0 1257588.5 14817728.0 5679803.3  53624.0 52637.7 6036.0 5797.1    719  116.094  132    13.778  129.872
195904.0 195904.0  0.0   195904.0 1567680.0 1259488.7 14817728.0 5679803.3  53624.0 52637.7 6036.0 5797.1    719  116.094  132    13.778  129.872
195904.0 195904.0  0.0   195904.0 1567680.0 1259488.7 14817728.0 5679803.3  53624.0 52637.7 6036.0 5797.1    719  116.094  132    13.778  129.872
195904.0 195904.0  0.0   195904.0 1567680.0 1259488.7 14817728.0 5679803.3  53624.0 52637.7 6036.0 5797.1    719  116.094  132    13.778  129.872
195904.0 195904.0  0.0   195904.0 1567680.0 1259488.7 14817728.0 5679803.3  53624.0 52637.7 6036.0 5797.1    719  116.094  132    13.778  129.872
195904.0 195904.0  0.0   195904.0 1567680.0 1259488.7 14817728.0 5679803.3  53624.0 52637.7 6036.0 5797.1    719  116.094  132    13.778  129.872
195904.0 195904.0  0.0   195904.0 1567680.0 1259490.8 14817728.0 5679803.3  53624.0 52637.7 6036.0 5797.1    719  116.094  132    13.778  129.872
195904.0 195904.0  0.0   195904.0 1567680.0 1259490.8 14817728.0 5679803.3  53624.0 52637.7 6036.0 5797.1    719  116.094  132    13.778  129.872
195904.0 195904.0  0.0   195904.0 1567680.0 1259490.8 14817728.0 5679803.3  53624.0 52637.7 6036.0 5797.1    719  116.094  132    13.778  129.872
195904.0 195904.0  0.0   195904.0 1567680.0 1259607.3 14817728.0 5679803.3  53624.0 52637.7 6036.0 5797.1    719  116.094  132    13.778  129.872
195904.0 195904.0  0.0   195904.0 1567680.0 1259607.3 14817728.0 5679803.3  53624.0 52637.7 6036.0 5797.1    719  116.094  132    13.778  129.872
195904.0 195904.0  0.0   195904.0 1567680.0 1259607.3 14817728.0 5679803.3  53624.0 52637.7 6036.0 5797.1    719  116.094  132    13.778  129.872
195904.0 195904.0  0.0   195904.0 1567680.0 1259607.3 14817728.0 5679803.3  53624.0 52637.7 6036.0 5797.1    719  116.094  132    13.778  129.872
195904.0 195904.0  0.0   195904.0 1567680.0 1259607.3 14817728.0 5679803.3  53624.0 52637.7 6036.0 5797.1    719  116.094  132    13.778  129.872
195904.0 195904.0  0.0   195904.0 1567680.0 1259607.3 14817728.0 5679803.3  53624.0 52637.7 6036.0 5797.1    719  116.094  132    13.778  129.872
195904.0 195904.0  0.0   195904.0 1567680.0 1259607.3 14817728.0 5679803.3  53624.0 52637.7 6036.0 5797.1    719  116.094  132    13.778  129.872
195904.0 195904.0  0.0   195904.0 1567680.0 1261507.7 14817728.0 5679803.3  53624.0 52637.7 6036.0 5797.1    719  116.094  132    13.778  129.872
195904.0 195904.0  0.0   195904.0 1567680.0 1261507.7 14817728.0 5679803.3  53624.0 52637.7 6036.0 5797.1    719  116.094  132    13.778  129.872
195904.0 195904.0  0.0   195904.0 1567680.0 1261507.7 14817728.0 5679803.3  53624.0 52637.7 6036.0 5797.1    719  116.094  132    13.778  129.872
195904.0 195904.0  0.0   195904.0 1567680.0 1261507.7 14817728.0 5679803.3  53624.0 52637.7 6036.0 5797.1    719  116.094  132    13.778  129.872
195904.0 195904.0  0.0   195904.0 1567680.0 1261507.7 14817728.0 5679803.3  53624.0 52637.7 6036.0 5797.1    719  116.094  132    13.778  129.872
195904.0 195904.0  0.0   195904.0 1567680.0 1261507.7 14817728.0 5679803.3  53624.0 52637.7 6036.0 5797.1    719  116.094  132    13.778  129.872
195904.0 195904.0  0.0   195904.0 1567680.0 1261507.7 14817728.0 5679803.3  53624.0 52637.7 6036.0 5797.1    719  116.094  132    13.778  129.872
195904.0 195904.0  0.0   195904.0 1567680.0 1261507.7 14817728.0 5679803.3  53624.0 52637.7 6036.0 5797.1    719  116.094  132    13.778  129.872
195904.0 195904.0  0.0   195904.0 1567680.0 1261507.7 14817728.0 5679803.3  53624.0 52637.7 6036.0 5797.1    719  116.094  132    13.778  129.872
195904.0 195904.0  0.0   195904.0 1567680.0 1261507.7 14817728.0 5679803.3  53624.0 52637.7 6036.0 5797.1    719  116.094  132    13.778  129.872
195904.0 195904.0  0.0   195904.0 1567680.0 1261507.7 14817728.0 5679803.3  53624.0 52637.7 6036.0 5797.1    719  116.094  132    13.778  129.872
